Collecting numpy (from -r requirements.txt (line 5))
  Using cached numpy-2.5.3-cp314-cp314-win_amd64.whl.metadata (6.6 kB)
Collecting pandas (from -r requirements.txt (line 6))
  Using cached pandas-3.0.5-cp314-cp314-win_amd64.whl.metadata (19 kB)
Collecting pyarrow (from -r requirements.txt (line 7))
  Downloading pyarrow-25.0.1-cp314-cp314-win_amd64.whl.metadata (3.0 kB)
Collecting scipy (from -r requirements.txt (line 8))
  Using cached scipy-1.18.1-cp314-cp314-win_amd64.whl.metadata (61 kB)
Collecting scikit-learn (from -r requirements.txt (line 9))
  Using cached scikit_learn-1.9.0-cp314-cp314-win_amd64.whl.metadata (11 kB)
Collecting torch (from -r requirements.txt (line 10))
  Using cached torch-2.14.0-cp314-cp314-win_amd64.whl.metadata (38 kB)
Collecting umap-learn (from -r requirements.txt (line 11))
  Using cached umap_learn-0.5.12-py3-none-any.whl.metadata (24 kB)
Collecting joblib (from -r requirements.txt (line 12))
  Using cached joblib-1.6.0-py3-none-any.whl.metadata (6.5 kB)
Collecting pytest (from -r requirements.txt (line 13))
  Using cached pytest-9.1.1-py3-none-any.whl.metadata (7.6 kB)
Collecting python-dateutil>=2.8.2 (from pandas->-r requirements.txt (line 6))
  Using cached python_dateutil-2.9.0.post0-py2.py3-none-any.whl.metadata (8.4 kB)
Collecting tzdata (from pandas->-r requirements.txt (line 6))
  Using cached tzdata-2026.3-py2.py3-none-any.whl.metadata (1.4 kB)
Collecting narwhals>=2.0.1 (from scikit-learn->-r requirements.txt (line 9))
  Using cached narwhals-2.26.0-py3-none-any.whl.metadata (15 kB)
Collecting threadpoolctl>=3.5.0 (from scikit-learn->-r requirements.txt (line 9))
  Using cached threadpoolctl-3.6.0-py3-none-any.whl.metadata (13 kB)
Collecting filelock (from torch->-r requirements.txt (line 10))
  Using cached filelock-3.32.5-py3-none-any.whl.metadata (2.0 kB)
Collecting typing-extensions>=4.10.0 (from torch->-r requirements.txt (line 10))
  Using cached typing_extensions-4.16.0-py3-none-any.whl.metadata (3.3 kB)
Collecting setuptools>=77.0.3 (from torch->-r requirements.txt (line 10))
  Using cached setuptools-84.0.0-py3-none-any.whl.metadata (6.6 kB)
Collecting sympy>=1.13.3 (from torch->-r requirements.txt (line 10))
  Using cached sympy-1.14.0-py3-none-any.whl.metadata (12 kB)
Collecting networkx>=2.5.1 (from torch->-r requirements.txt (line 10))
  Using cached networkx-3.6.1-py3-none-any.whl.metadata (6.8 kB)
Collecting jinja2 (from torch->-r requirements.txt (line 10))
  Using cached jinja2-3.1.6-py3-none-any.whl.metadata (2.9 kB)
Collecting fsspec>=0.8.5 (from torch->-r requirements.txt (line 10))
  Using cached fsspec-2026.7.0-py3-none-any.whl.metadata (10 kB)
Collecting numba>=0.51.2 (from umap-learn->-r requirements.txt (line 11))
  Using cached numba-0.67.0-cp314-cp314-win_amd64.whl.metadata (2.8 kB)
Collecting pynndescent>=0.5 (from umap-learn->-r requirements.txt (line 11))
  Using cached pynndescent-0.6.0-py3-none-any.whl.metadata (6.9 kB)
Collecting tqdm (from umap-learn->-r requirements.txt (line 11))
  Using cached tqdm-4.70.0-py3-none-any.whl.metadata (57 kB)
Collecting cloudpickle>=3.0 (from joblib->-r requirements.txt (line 12))
  Using cached cloudpickle-3.1.2-py3-none-any.whl.metadata (7.1 kB)
Collecting colorama>=0.4 (from pytest->-r requirements.txt (line 13))
  Using cached colorama-0.4.6-py2.py3-none-any.whl.metadata (17 kB)
Collecting iniconfig>=1.0.1 (from pytest->-r requirements.txt (line 13))
  Using cached iniconfig-2.3.0-py3-none-any.whl.metadata (2.5 kB)
Collecting packaging>=22 (from pytest->-r requirements.txt (line 13))
  Using cached packaging-26.3-py3-none-any.whl.metadata (3.5 kB)
Collecting pluggy<2,>=1.5 (from pytest->-r requirements.txt (line 13))
  Using cached pluggy-1.6.0-py3-none-any.whl.metadata (4.8 kB)
Collecting pygments>=2.7.2 (from pytest->-r requirements.txt (line 13))
  Using cached pygments-2.21.0-py3-none-any.whl.metadata (2.5 kB)
Collecting llvmlite<0.50,>=0.49.0dev0 (from numba>=0.51.2->umap-learn->-r requirements.txt (line 11))
  Using cached llvmlite-0.49.0-cp314-cp314-win_amd64.whl.metadata (5.2 kB)
Collecting six>=1.5 (from python-dateutil>=2.8.2->pandas->-r requirements.txt (line 6))
  Using cached six-1.17.0-py2.py3-none-any.whl.metadata (1.7 kB)
Collecting mpmath<1.4,>=1.1.0 (from sympy>=1.13.3->torch->-r requirements.txt (line 10))
  Using cached mpmath-1.3.0-py3-none-any.whl.metadata (8.6 kB)
Collecting MarkupSafe>=2.0 (from jinja2->torch->-r requirements.txt (line 10))
  Using cached markupsafe-3.0.3-cp314-cp314-win_amd64.whl.metadata (2.8 kB)
Using cached numpy-2.5.3-cp314-cp314-win_amd64.whl (12.7 MB)
Using cached pandas-3.0.5-cp314-cp314-win_amd64.whl (10.0 MB)
Downloading pyarrow-25.0.1-cp314-cp314-win_amd64.whl (28.6 MB)
   ---------------------------------------- 28.6/28.6 MB 59.0 MB/s  0:00:00
Using cached scipy-1.18.1-cp314-cp314-win_amd64.whl (37.4 MB)
Using cached scikit_learn-1.9.0-cp314-cp314-win_amd64.whl (8.3 MB)
Using cached torch-2.14.0-cp314-cp314-win_amd64.whl (124.1 MB)
Using cached umap_learn-0.5.12-py3-none-any.whl (91 kB)
Using cached joblib-1.6.0-py3-none-any.whl (306 kB)
Using cached pytest-9.1.1-py3-none-any.whl (386 kB)
Using cached pluggy-1.6.0-py3-none-any.whl (20 kB)
Using cached cloudpickle-3.1.2-py3-none-any.whl (22 kB)
Using cached colorama-0.4.6-py2.py3-none-any.whl (25 kB)
Using cached fsspec-2026.7.0-py3-none-any.whl (206 kB)
Using cached iniconfig-2.3.0-py3-none-any.whl (7.5 kB)
Using cached narwhals-2.26.0-py3-none-any.whl (474 kB)
Using cached networkx-3.6.1-py3-none-any.whl (2.1 MB)
Using cached numba-0.67.0-cp314-cp314-win_amd64.whl (2.8 MB)
Using cached llvmlite-0.49.0-cp314-cp314-win_amd64.whl (43.0 MB)
Using cached packaging-26.3-py3-none-any.whl (129 kB)
Using cached pygments-2.21.0-py3-none-any.whl (1.3 MB)
Using cached pynndescent-0.6.0-py3-none-any.whl (73 kB)
Using cached python_dateutil-2.9.0.post0-py2.py3-none-any.whl (229 kB)
Using cached setuptools-84.0.0-py3-none-any.whl (818 kB)
Using cached six-1.17.0-py2.py3-none-any.whl (11 kB)
Using cached sympy-1.14.0-py3-none-any.whl (6.3 MB)
Using cached mpmath-1.3.0-py3-none-any.whl (536 kB)
Using cached threadpoolctl-3.6.0-py3-none-any.whl (18 kB)
Using cached typing_extensions-4.16.0-py3-none-any.whl (45 kB)
Using cached filelock-3.32.5-py3-none-any.whl (100 kB)
Using cached jinja2-3.1.6-py3-none-any.whl (134 kB)
Using cached markupsafe-3.0.3-cp314-cp314-win_amd64.whl (15 kB)
Using cached tqdm-4.70.0-py3-none-any.whl (80 kB)
Using cached tzdata-2026.3-py2.py3-none-any.whl (348 kB)
Installing collected packages: mpmath, tzdata, typing-extensions, threadpoolctl, sympy, six, setuptools, pygments, pyarrow, pluggy, packaging, numpy, networkx, narwhals, MarkupSafe, llvmlite, iniconfig, fsspec, filelock, colorama, cloudpickle, tqdm, scipy, python-dateutil, pytest, numba, joblib, jinja2, torch, scikit-learn, pandas, pynndescent, umap-learn

Successfully installed MarkupSafe-3.0.3 cloudpickle-3.1.2 colorama-0.4.6 filelock-3.32.5 fsspec-2026.7.0 iniconfig-2.3.0 jinja2-3.1.6 joblib-1.6.0 llvmlite-0.49.0 mpmath-1.3.0 narwhals-2.26.0 networkx-3.6.1 numba-0.67.0 numpy-2.5.3 packaging-26.3 pandas-3.0.5 pluggy-1.6.0 pyarrow-25.0.1 pygments-2.21.0 pynndescent-0.6.0 pytest-9.1.1 python-dateutil-2.9.0.post0 scikit-learn-1.9.0 scipy-1.18.1 setuptools-84.0.0 six-1.17.0 sympy-1.14.0 threadpoolctl-3.6.0 torch-2.14.0 tqdm-4.70.0 typing-extensions-4.16.0 tzdata-2026.3 umap-learn-0.5.12
