=== 1/5 検証 ===
地点: 全 1,678 / 現役官署 156 / 国内 155
気象: ファイル 155
  現地気圧と標準大気の差: 最小 -47.0 / 最大 +22.9 hPa(n=565,753)
  地点日 566,060
  1 地点あたりの日数の分布: {3652: 155}
  気温の順序(最低<=平均<=最高)の違反: 0
大気: 測定局 1,773
  日別値 17,871,330 {'so2': 3630141, 'no2': 5975183, 'ox': 4335011, 'pm25': 3930995}
  検出限界付近の負値: {'no2': '93(0.002%)', 'pm25': '9,572(0.244%)', 'so2': '2,793(0.077%)'}
  suspect(検出限界の雑音では説明がつかない値・下限 {'pm25': -10.0, 'no2': -10.0, 'so2': -10.0, 'ox': -10.0}): {'pm25': 22}
      pm25 -10.83 (20217020 2014-12-18)
      pm25 -11.04 (20217020 2015-12-05)
      pm25 -11.0 (12303010 2018-07-06)
      pm25 -13.38 (29205510 2019-09-22)
      pm25 -30.73 (28216520 2020-07-30)
      pm25 -52.71 (28216520 2020-07-31)
温室効果ガス: 系列 6
  公表年平均との照合: 91 観測点年 / 不一致 0

  警告: suspect が 22 件。配信からは外している
検証 OK(警告 1 件)
=== 2/5 特徴量 ===
気象: 地点ファイル 155 / 日数 3,652
大気: 日数 3,653
都道府県 40 以上に気温がある日: 3,652 / 3,652
行列 (3652, 517) / 観測のある割合 0.991
気候値の母集団: 2,557 日(2014-01-01 〜 2020-12-31)
特徴量 (3652, 1036) (値 517 + マスク 517 + 季節 2)
-> C:\_ClaudeCode\japan-weather-atmosphere-atlas\data\processed\features.npz (11.7 MB)
=== 3/5 学習 ===
学習 2,557(2014-01-01〜2020-12-31) / 検証 730(2021-01-01〜2022-12-31) / 試験 365(2023-01-01〜2023-12-31)
  epoch   1: 学習 0.61487 / 検証 0.45463
  epoch  10: 学習 0.21400 / 検証 0.21862
  epoch  20: 学習 0.16173 / 検証 0.18493
  epoch  30: 学習 0.13940 / 検証 0.17686
  epoch  40: 学習 0.12658 / 検証 0.17668
  epoch  50: 学習 0.11493 / 検証 0.17436
  epoch  60: 学習 0.10884 / 検証 0.17255
  早期打ち切り(epoch 61、検証が 10 回改善せず)
最終: {'train': 0.09987290948629379, 'valid': 0.17088131606578827, 'test': 0.17880608141422272}  (153 秒)
-> C:\_ClaudeCode\japan-weather-atmosphere-atlas\data\models\autoencoder.pt
=== 4/5 異常度(交差適合)と AI 資産 ===
  折 1/5: 2014-01-01〜2015-12-31 (730 日) 誤差の中央値 0.2018
  折 2/5: 2016-01-01〜2017-12-31 (731 日) 誤差の中央値 0.1742
  折 3/5: 2018-01-01〜2019-12-31 (730 日) 誤差の中央値 0.1756
  折 4/5: 2020-01-01〜2021-12-31 (731 日) 誤差の中央値 0.1608
  折 5/5: 2022-01-01〜2023-12-31 (730 日) 誤差の中央値 0.1735
交差適合 459 秒
期間ごとの中央値: train 52.0(n=2557) / valid 42.6(n=730) / test 50.0(n=365)
学習期間と held-out の差: -6.7 点
-> C:\_ClaudeCode\japan-weather-atmosphere-atlas\public\data\ai\anomaly.json
C:\_ClaudeCode\japan-weather-atmosphere-atlas\.venv\Lib\site-packages\umap\umap_.py:1952: UserWarning: n_jobs value 1 overridden to 1 by setting random_state. Use no seed for parallelism.
  warn(
異常度を読み込み 3,652 日 (学習期間と held-out の差 -6.7 点)
類似日 3,652 日 × 上位 10 (10 年ファイル・最大 141 KB)
クラスタ k=6(silhouette 0.0781)
  6:0.078 7:0.074 8:0.072 9:0.069 10:0.061 11:0.065 12:0.064 13:0.067 14:0.063 15:0.062 16:0.065
UMAP 3,652 点
AI 資産 0.8 MB -> C:\_ClaudeCode\japan-weather-atmosphere-atlas\public\data\ai
=== 5/5 配信物 ===
気象: 地点 155 / 月 120 / 地点日 566,060
大気: 測定局 1,773 / 月 120
配信物 105.9 MB / 最大 anomaly.json 0.45 MB
-> C:\_ClaudeCode\japan-weather-atmosphere-atlas\public\data
=== 完了 ===
