対象 155 地点 x 10 年 x 12 か月 = 18,600 要求(キャッシュ済みは再要求しない)
  [  1/155] 47401 稚内          3652 日  外部要求  108  経過 2.1 分
  [  2/155] 47402 北見枝幸        3652 日  外部要求  120  経過 2.4 分
  [  3/155] 47404 羽幌          3652 日  外部要求  120  経過 4.6 分
  [  4/155] 47405 雄武          3652 日  外部要求  120  経過 4.8 分
  [  5/155] 47406 留萌          3652 日  外部要求  120  経過 7.0 分
  [  6/155] 47407 旭川          3652 日  外部要求  120  経過 7.2 分
  [  7/155] 47409 網走          3652 日  外部要求  120  経過 9.6 分
  [  8/155] 47411 小樽          3652 日  外部要求  120  経過 9.7 分
  [  9/155] 47412 札幌          3652 日  外部要求  120  経過 11.9 分
  [ 10/155] 47413 岩見沢         3652 日  外部要求  120  経過 12.1 分
  [ 11/155] 47418 釧路          3652 日  外部要求  120  経過 14.4 分
  [ 12/155] 47417 帯広          3652 日  外部要求  120  経過 14.5 分
  [ 13/155] 47420 根室          3652 日  外部要求  120  経過 16.8 分
  [ 14/155] 47421 寿都          3652 日  外部要求  120  経過 17.0 分
  [ 15/155] 47424 苫小牧         3652 日  外部要求  120  経過 19.3 分
  [ 16/155] 47423 室蘭          3652 日  外部要求  120  経過 19.5 分
  [ 17/155] 47426 浦河          3652 日  外部要求  120  経過 21.8 分
  [ 18/155] 47428 江差          3652 日  外部要求  120  経過 21.8 分
  [ 19/155] 47430 函館          3652 日  外部要求  120  経過 24.1 分
  [ 20/155] 47433 倶知安         3652 日  外部要求  120  経過 24.3 分
  [ 21/155] 47435 紋別          3652 日  外部要求  120  経過 26.5 分
  [ 22/155] 47440 広尾          3652 日  外部要求  120  経過 26.6 分
  [ 23/155] 47512 大船渡         3652 日  外部要求  120  経過 28.8 分
  [ 24/155] 47520 新庄          3652 日  外部要求  120  経過 28.8 分
  [ 25/155] 47574 深浦          3652 日  外部要求  120  経過 31.2 分
  [ 26/155] 47570 若松          3652 日  外部要求  120  経過 31.2 分
  [ 27/155] 47575 青森          3652 日  外部要求  120  経過 33.6 分
  [ 28/155] 47576 むつ          3652 日  外部要求  120  経過 33.7 分
  [ 29/155] 47581 八戸          3652 日  外部要求  120  経過 36.0 分
  [ 30/155] 47582 秋田          3652 日  外部要求  120  経過 36.0 分
  [ 31/155] 47584 盛岡          3652 日  外部要求  120  経過 38.2 分
  [ 32/155] 47585 宮古          3652 日  外部要求  120  経過 38.4 分
  [ 33/155] 47587 酒田          3652 日  外部要求  120  経過 40.6 分
  [ 34/155] 47588 山形          3652 日  外部要求  120  経過 40.7 分
  [ 35/155] 47592 石巻          3652 日  外部要求  120  経過 43.0 分
  [ 36/155] 47590 仙台          3652 日  外部要求  120  経過 43.2 分
  [ 37/155] 47595 福島          3652 日  外部要求  120  経過 45.5 分
  [ 38/155] 47597 白河          3652 日  外部要求  120  経過 45.7 分
  [ 39/155] 47598 小名浜         3652 日  外部要求  120  経過 48.0 分
  [ 40/155] 47600 輪島          3652 日  外部要求  120  経過 48.1 分
  [ 41/155] 47602 相川          3652 日  外部要求  120  経過 50.4 分
  [ 42/155] 47604 新潟          3652 日  外部要求  120  経過 50.5 分
  [ 43/155] 47606 伏木          3652 日  外部要求  120  経過 52.8 分
  [ 44/155] 47605 金沢          3652 日  外部要求  120  経過 52.8 分
  [ 45/155] 47607 富山          3652 日  外部要求  120  経過 55.1 分
  [ 46/155] 47610 長野          3652 日  外部要求  120  経過 55.3 分
  [ 47/155] 47612 高田          3652 日  外部要求  120  経過 57.6 分
  [ 48/155] 47615 宇都宮         3652 日  外部要求  120  経過 57.6 分
  [ 49/155] 47616 福井          3652 日  外部要求  120  経過 60.0 分
  [ 50/155] 47617 高山          3652 日  外部要求  120  経過 60.2 分
  [ 51/155] 47618 松本          3652 日  外部要求  120  経過 62.4 分
  [ 52/155] 47620 諏訪          3652 日  外部要求  120  経過 62.5 分
  [ 53/155] 47624 前橋          3652 日  外部要求  120  経過 64.8 分
  [ 54/155] 47622 軽井沢         3652 日  外部要求  120  経過 64.8 分
  [ 55/155] 47626 熊谷          3652 日  外部要求  120  経過 67.1 分
  [ 56/155] 47629 水戸          3652 日  外部要求  120  経過 67.2 分
  [ 57/155] 47631 敦賀          3652 日  外部要求  120  経過 69.5 分
  [ 58/155] 47632 岐阜          3652 日  外部要求  120  経過 69.5 分
  [ 59/155] 47636 名古屋         3652 日  外部要求  120  経過 71.8 分
  [ 60/155] 47637 飯田          3652 日  外部要求  120  経過 71.8 分
  [ 61/155] 47639 富士山         3652 日  外部要求  120  経過 74.3 分
  [ 62/155] 47638 甲府          3652 日  外部要求  120  経過 74.3 分
  [ 63/155] 47640 河口湖         3652 日  外部要求  120  経過 76.7 分
  [ 64/155] 47641 秩父          3652 日  外部要求  120  経過 76.7 分
  [ 65/155] 47646 つくば（館野）     3652 日  外部要求  120  経過 79.0 分
  [ 66/155] 47648 銚子          3652 日  外部要求  120  経過 79.1 分
  [ 67/155] 47649 上野          3652 日  外部要求  120  経過 81.2 分
  [ 68/155] 47651 津           3652 日  外部要求  120  経過 81.4 分
  [ 69/155] 47653 伊良湖         3652 日  外部要求  120  経過 83.5 分
  [ 70/155] 47654 浜松          3652 日  外部要求  120  経過 83.6 分
  [ 71/155] 47655 御前崎         3652 日  外部要求  120  経過 85.7 分
  [ 72/155] 47656 静岡          3652 日  外部要求  120  経過 85.9 分
  [ 73/155] 47662 東京          3652 日  外部要求  120  経過 88.1 分
  [ 74/155] 47657 三島          3652 日  外部要求  120  経過 88.3 分
  [ 75/155] 47663 尾鷲          3652 日  外部要求  120  経過 90.3 分
  [ 76/155] 47666 石廊崎         3652 日  外部要求  120  経過 90.5 分
  [ 77/155] 47668 網代          3652 日  外部要求  120  経過 92.8 分
  [ 78/155] 47670 横浜          3652 日  外部要求  120  経過 93.0 分
  [ 79/155] 47672 館山          3652 日  外部要求  120  経過 95.1 分
  [ 80/155] 47674 勝浦          3652 日  外部要求  120  経過 95.3 分
  [ 81/155] 47675 大島          3652 日  外部要求  120  経過 97.4 分
  [ 82/155] 47677 三宅島         3652 日  外部要求  120  経過 97.5 分
  [ 83/155] 47678 八丈島         3652 日  外部要求  120  経過 99.7 分
  [ 84/155] 47682 千葉          3652 日  外部要求  120  経過 99.8 分
  [ 85/155] 47684 四日市         3652 日  外部要求  120  経過 101.9 分
  [ 86/155] 47690 奥日光（日光）     3652 日  外部要求  120  経過 102.0 分
  [ 87/155] 47740 西郷          3652 日  外部要求  120  経過 104.2 分
  [ 88/155] 47741 松江          3652 日  外部要求  120  経過 104.2 分
  [ 89/155] 47742 境           3652 日  外部要求  120  経過 106.5 分
  [ 90/155] 47744 米子          3652 日  外部要求  120  経過 106.6 分
  [ 91/155] 47747 豊岡          3652 日  外部要求  120  経過 109.2 分
  [ 92/155] 47746 鳥取          3652 日  外部要求  120  経過 109.2 分
  [ 93/155] 47750 舞鶴          3652 日  外部要求  120  経過 111.7 分
  [ 94/155] 47754 萩           3652 日  外部要求  120  経過 111.9 分
  [ 95/155] 47755 浜田          3652 日  外部要求  120  経過 114.3 分
  [ 96/155] 47756 津山          3652 日  外部要求  120  経過 114.5 分
  [ 97/155] 47759 京都          3652 日  外部要求  120  経過 116.6 分
  [ 98/155] 47761 彦根          3652 日  外部要求  120  経過 116.9 分
  [ 99/155] 47762 下関          3652 日  外部要求  120  経過 118.8 分
  [100/155] 47765 広島          3652 日  外部要求  120  経過 119.2 分
  [101/155] 47766 呉           3652 日  外部要求  120  経過 121.2 分
  [102/155] 47767 福山          3652 日  外部要求  120  経過 121.5 分
  [103/155] 47768 岡山          3652 日  外部要求  120  経過 123.5 分
  [104/155] 47769 姫路          3652 日  外部要求  120  経過 124.2 分
  [105/155] 47770 神戸          3652 日  外部要求  120  経過 126.0 分
  [106/155] 47772 大阪          3652 日  外部要求  120  経過 126.4 分
  [107/155] 47776 洲本          3652 日  外部要求  120  経過 128.3 分
  [108/155] 47777 和歌山         3652 日  外部要求  120  経過 128.6 分
  [109/155] 47778 潮岬          3652 日  外部要求  120  経過 130.5 分
  [110/155] 47780 奈良          3652 日  外部要求  120  経過 130.9 分
  [111/155] 47784 山口          3652 日  外部要求  120  経過 132.7 分
  [112/155] 47800 厳原          3652 日  外部要求  120  経過 133.1 分
  [113/155] 47805 平戸          3652 日  外部要求  120  経過 135.0 分
  [114/155] 47807 福岡          3652 日  外部要求  120  経過 135.3 分
  [115/155] 47809 飯塚          3652 日  外部要求  120  経過 137.2 分
  [116/155] 47812 佐世保         3652 日  外部要求  120  経過 137.5 分
  [117/155] 47813 佐賀          3652 日  外部要求  120  経過 139.4 分
  [118/155] 47814 日田          3652 日  外部要求  120  経過 139.9 分
  [119/155] 47815 大分          3652 日  外部要求  120  経過 141.6 分
  [120/155] 47817 長崎          3652 日  外部要求  120  経過 142.1 分
  [121/155] 47818 雲仙岳         3652 日  外部要求  120  経過 143.8 分
  [122/155] 47819 熊本          3652 日  外部要求  120  経過 144.4 分
  [123/155] 47822 延岡          3652 日  外部要求  120  経過 146.0 分
  [124/155] 47823 阿久根         3652 日  外部要求  120  経過 146.6 分
  [125/155] 47824 人吉          3652 日  外部要求  120  経過 148.2 分
  [126/155] 47827 鹿児島         3652 日  外部要求  120  経過 148.8 分
  [127/155] 47829 都城          3652 日  外部要求  120  経過 150.4 分
  [128/155] 47830 宮崎          3652 日  外部要求  120  経過 151.0 分
  [129/155] 47831 枕崎          3652 日  外部要求  120  経過 152.7 分
  [130/155] 47835 油津          3652 日  外部要求  120  経過 153.2 分
  [131/155] 47836 屋久島         3652 日  外部要求  120  経過 155.0 分
  [132/155] 47837 種子島         3652 日  外部要求  120  経過 155.5 分
  [133/155] 47838 牛深          3652 日  外部要求  120  経過 157.2 分
  [134/155] 47843 福江          3652 日  外部要求  120  経過 157.7 分
  [135/155] 47887 松山          3652 日  外部要求  120  経過 159.5 分
  [136/155] 47890 多度津         3652 日  外部要求  120  経過 1115.6 分
  [137/155] 47891 高松          3652 日  外部要求  120  経過 1117.3 分
  [138/155] 47892 宇和島         3652 日  外部要求  120  経過 1117.8 分
  [139/155] 47893 高知          3652 日  外部要求  120  経過 1119.5 分
  [140/155] 47895 徳島          3652 日  外部要求  120  経過 1120.1 分
  [141/155] 47897 宿毛          3652 日  外部要求  120  経過 1121.8 分
  [142/155] 47898 清水          3652 日  外部要求  120  経過 1122.4 分
  [143/155] 47899 室戸岬         3652 日  外部要求  120  経過 1124.1 分
  [144/155] 47909 名瀬          3652 日  外部要求  120  経過 1124.7 分
  [145/155] 47912 与那国島        3652 日  外部要求  120  経過 1126.4 分
  [146/155] 47917 西表島         3652 日  外部要求  120  経過 1127.1 分
  [147/155] 47918 石垣島         3652 日  外部要求  120  経過 1129.0 分
  [148/155] 47927 宮古島         3652 日  外部要求  120  経過 1129.9 分
  [149/155] 47929 久米島         3652 日  外部要求  120  経過 1131.4 分
  [150/155] 47936 那覇          3652 日  外部要求  120  経過 1132.2 分
  [151/155] 47940 名護          3652 日  外部要求  120  経過 1133.8 分
  [152/155] 47942 沖永良部        3652 日  外部要求  120  経過 1134.5 分
  [153/155] 47945 南大東（南大東島）   3652 日  外部要求  120  経過 1136.0 分
  [154/155] 47971 父島          3652 日  外部要求  120  経過 1136.8 分
  [155/155] 47991 南鳥島         3652 日  外部要求  120  経過 1138.3 分

完了: 155 地点(うち済み 0)、566,060 日、外部要求 18,588 件、1138.3 分
-> C:\_ClaudeCode\japan-weather-atmosphere-atlas\data\processed\weather
